[PASS] D1 Phase9 core tests (incl. shell; restructured) exit=0 (18.0s)
      ................................                                         [100%]
[PASS] D2 Phase9 invariants/E2E exit=0 (13.3s)
      ......................                                                   [100%]
[PASS] D3 GUI Repair tests exit=0 (33.9s)
      ...............                                                          [100%]
[PASS] D4 Full pytest exit=0 (581.8s)
      ........................................................................ [ 78%]
      ........................................................................ [ 81%]
      ........................................................................ [ 85%]
      ........................................................................ [ 88%]
      ........................................................................ [ 92%]
      ........................................................................ [ 95%]
      ........................................................................ [ 98%]
      .........................                                                [100%]
[PASS] E Architecture Validator exit=0 (1.1s)
      ============================================================
      1144 TRADING OS - ARCHITECTURE VALIDATION
      ============================================================
      STATUS: PASS  (failures=0, warnings=0)
      No violations found.
      ============================================================
[PASS] F Windows Build (relocated into run_windows.py --verify-build) exit=0 (0.6s)
      authentication                   PASS
      workspace persistence            PASS
      default workspace valid          PASS
      event handling + dedup           PASS
      order chain                      PASS
      fail-closed disconnect           PASS
      shutdown                         PASS
      BUILD                            PASS
[PASS] G1 LIVE Safety (relocated: Phase 10 core LIVE-refusal tests) exit=0 (0.4s)
      ...s..                                                                   [100%]
[BLOCKED] G2 Security/Quality Audit - tool deleted externally

GATE FAILURES/BLOCKS PRESENT: G2 Security/Quality Audit
